// Jest Snapshot v1, https://goo.gl/fbAQLP

exports[`should render EditExpensePage 1`] = `
<div>
  <div
    className="page-header"
  >
    <div
      className="container"
    >
      <h2
        className="page-header__title"
      >
        Edit Expense
      </h2>
    </div>
  </div>
  <div
    className="container"
  >
    <ExpenseForm
      expense={
        Object {
          "amount": 4500,
          "createdAt": 345600000,
          "description": "Credit Card",
          "id": "3",
          "note": "",
        }
      }
      onSubmit={[Function]}
    />
    <button
      className="button button--warning"
      onClick={[Function]}
    >
      <i
        aria-hidden="true"
        className="fa fa-trash"
      />
       Remove Expense
    </button>
  </div>
</div>
`;
